// Jest Snapshot v1, https://goo.gl/fbAQLP

exports[`should render EditExpensePage correctly 1`] = `
<div>
  <div
    className="page-header"
  >
    <div
      className="content-container"
    >
      <h1
        className="page-header__title"
      >
        Edit Expense
      </h1>
    </div>
  </div>
  <div
    className="content-container"
  >
    <ExpenseForm
      onSubmit={[Function]}
    />
    <button
      class="button button--secondary"
      onClick={[Function]}
      type="button"
    >
      Remove
    </button>
  </div>
</div>
`;
